
Running 17 tests using 2 workers









[1A[2K[1/17] tests/product/diagnostics.spec.ts:2:1 › PROD-D01 @baseline active replay alpha parity and long-stroke frame samples
[1A[2K[2/17] tests/product/baseline.spec.ts:3:1 › PROD-B01 @baseline drawing width affects exported ink and reload
[1A[2K[3/17] tests/product/baseline.spec.ts:56:1 › PROD-B02 @baseline stroke eraser removes only the hit stroke and history restores it
[1A[2K[4/17] tests/product/baseline.spec.ts:96:1 › PROD-B03 @baseline partial erase persists a targeted mask and later ink survives
[1A[2K[5/17] tests/product/baseline.spec.ts:143:1 › PROD-B04 @baseline P E and history shortcuts perform their advertised operations
[1A[2K[6/17] tests/product/baseline.spec.ts:174:1 › PROD-B05 @baseline legacy JSON import/export preserves geometry masks and exact explicit blue
[1A[2K[7/17] tests/product/baseline.spec.ts:195:1 › PROD-B06 @baseline malformed and unsupported imports cannot overwrite the saved notebook
[1A[2K[8/17] tests/product/baseline.spec.ts:228:1 › PROD-B07 @baseline Help toggle and home navigation preserve the notebook
[1A[2K[9/17] tests/product/baseline.spec.ts:258:1 › PROD-B08 @baseline DPR resize preserves exported geometry and rapid endpoint
[1A[2K[10/17] tests/product/diagnostics.spec.ts:84:1 › PROD-D02 @baseline recognition never blanks existing ink or resets unchanged projection dimensions
[1A[2K[11/17] tests/product/baseline.spec.ts:296:1 › PROD-B09 @baseline real worker computes then equals erase retires answer and undo restores it
[1A[2K[12/17] tests/product/diagnostics.spec.ts:154:1 › PROD-D03 @baseline layout waste and breakpoint availability observation
[1A[2K[13/17] tests/product/baseline.spec.ts:334:1 › PROD-B10 @baseline cached offline reload allows real inference editing and saving
[1A[2K[14/17] tests/product/baseline.spec.ts:381:1 › PROD-B11 @baseline real model load failure keeps drawing and Retry recovers
[1A[2K[15/17] tests/product/baseline.spec.ts:413:1 › PROD-B12 @baseline Clear is undoable and history disabled states are truthful
[1A[2K[16/17] tests/product/baseline.spec.ts:459:1 › PROD-B13 @baseline visible controls are declared in the action registry
[1A[2K[17/17] tests/product/baseline.spec.ts:484:1 › PROD-B14 @baseline projection renderer failure keeps ink export and useful notice
[1A[2K  17 passed (15.5s)
[1A[2K(node:60057) Warning: The 'NO_COLOR' env is ignored due to the 'FORCE_COLOR' env being set.
(Use `node --trace-warnings ...` to show where the warning was created)
[1A[2K(node:60056) Warning: The 'NO_COLOR' env is ignored due to the 'FORCE_COLOR' env being set.
(Use `node --trace-warnings ...` to show where the warning was created)
[1A[2K(node:60056) Warning: The 'NO_COLOR' env is ignored due to the 'FORCE_COLOR' env being set.
(Use `node --trace-warnings ...` to show where the warning was created)
[1A[2K(node:60057) Warning: The 'NO_COLOR' env is ignored due to the 'FORCE_COLOR' env being set.
(Use `node --trace-warnings ...` to show where the warning was created)
