{
  "schemaVersion": 1,
  "registry": "tests/registry/feature-actions.json",
  "commit": "91af82b725ebc983780e7c97dcce11fe6a9de8b6",
  "sourceHash": "cd3b46f2233f71c6328a3cab945adc6defc2eb8afdd14c92f7c2daf9396505fc",
  "registryHash": "dfad9582d572567fa6d622bec0ddc21c72bcc35427f07f0cd1078a3bcf92c85b",
  "status": "BLOCKED_WITH_EVIDENCE",
  "schemaAndMappingValid": true,
  "exactSourceReportAvailable": false,
  "errors": [],
  "coverage": {
    "declaredRequirements": 12,
    "features": {
      "total": 41,
      "required": 38,
      "optional": 3,
      "unmapped": [
        "F-SUBMISSION"
      ],
      "incomplete": [
        "F-PEN",
        "F-PENCIL",
        "F-HIGHLIGHTER",
        "F-ERASER",
        "F-CLEAR",
        "F-SELECT",
        "F-LASSO",
        "F-TEXT",
        "F-SHAPES",
        "F-REGION",
        "F-ARROW",
        "F-HAND",
        "F-ZOOM",
        "F-GESTURES",
        "F-OVERLAY",
        "F-THEME",
        "F-PAPER",
        "F-NOTEBOOK",
        "F-ARITHMETIC",
        "F-VARIABLE",
        "F-CORRECTION",
        "F-FEEDBACK",
        "F-PROJECTION",
        "F-RESULTS",
        "F-RECOGNITION",
        "F-FAILURE",
        "F-RESPONSIVE",
        "F-HELP",
        "F-SCRATCH",
        "F-DIVISION",
        "F-PERFORMANCE",
        "F-SUBMISSION"
      ]
    },
    "actions": {
      "total": 125,
      "exposedInBaseline": 22,
      "denominator": 125,
      "declaredLinks": 125,
      "declaredLinkIds": [
        "ACT-HOME",
        "ACT-HELP",
        "ACT-TOOL-PEN",
        "ACT-TOOL-STROKE-ERASER",
        "ACT-TOOL-PIXEL-ERASER",
        "ACT-WIDTH",
        "ACT-UNDO",
        "ACT-REDO",
        "ACT-CLEAR",
        "ACT-EXPORT",
        "ACT-IMPORT",
        "ACT-IMPORT-FILE",
        "ACT-NOTICE-DISMISS",
        "ACT-RETRY",
        "ACT-DRAW",
        "ACT-KEY-P",
        "ACT-KEY-E",
        "ACT-KEY-UNDO",
        "ACT-KEY-REDO-SHIFT",
        "ACT-KEY-REDO-Y",
        "ACT-RESIZE",
        "ACT-RELOAD",
        "ACT-TOOL-SELECT",
        "ACT-TOOL-LASSO",
        "ACT-TOOL-PENCIL",
        "ACT-TOOL-HIGHLIGHTER",
        "ACT-TOOL-ERASER",
        "ACT-TOOL-TEXT",
        "ACT-TOOL-SHAPES",
        "ACT-TOOL-REGION",
        "ACT-TOOL-ARROW",
        "ACT-TOOL-HAND",
        "ACT-TOOL-CANVAS",
        "ACT-TOOL-HELP-V2",
        "ACT-PEN-COLOR-AUTO",
        "ACT-PEN-COLOR-BLACK",
        "ACT-PEN-COLOR-SOFT-WHITE",
        "ACT-PEN-COLOR-BLUE",
        "ACT-PEN-COLOR-RED",
        "ACT-PEN-PRESSURE",
        "ACT-PENCIL-COLOR-AUTO",
        "ACT-PENCIL-COLOR-BLACK",
        "ACT-PENCIL-COLOR-SOFT-WHITE",
        "ACT-PENCIL-COLOR-BLUE",
        "ACT-PENCIL-COLOR-RED",
        "ACT-PENCIL-PRESSURE",
        "ACT-PENCIL-WIDTH",
        "ACT-HIGHLIGHT-COLOR-YELLOW",
        "ACT-HIGHLIGHT-COLOR-GREEN",
        "ACT-HIGHLIGHT-COLOR-BLUE",
        "ACT-HIGHLIGHT-COLOR-PINK",
        "ACT-HIGHLIGHT-COLOR-ORANGE",
        "ACT-HIGHLIGHT-COLOR-PURPLE",
        "ACT-HIGHLIGHT-WIDTH",
        "ACT-HIGHLIGHT-OPACITY",
        "ACT-ERASE-MODE-WHOLE",
        "ACT-ERASE-MODE-PARTIAL",
        "ACT-ERASE-RADIUS",
        "ACT-PAN-FREE",
        "ACT-PAN-VERTICAL",
        "ACT-ZOOM-IN",
        "ACT-ZOOM-OUT",
        "ACT-ZOOM-100",
        "ACT-ZOOM-RESET",
        "ACT-ZOOM-FIT",
        "ACT-GESTURE-SPACE",
        "ACT-GESTURE-WHEEL",
        "ACT-GESTURE-PINCH-WHEEL",
        "ACT-GESTURE-TOUCH-PAN",
        "ACT-GESTURE-TOUCH-PINCH",
        "ACT-GESTURE-CANCEL",
        "ACT-THEME",
        "ACT-LIGHT",
        "ACT-DARK",
        "ACT-PAPER-NONE",
        "ACT-PAPER-DOTS",
        "ACT-PAPER-GRID",
        "ACT-PAPER-RULED",
        "ACT-PAPER-RULED-WIDE",
        "ACT-PAPER-SPACING",
        "ACT-PAPER-INTENSITY",
        "ACT-PAPER-INFINITE",
        "ACT-NOTEBOOK-NAME",
        "ACT-NOTEBOOK-NEW",
        "ACT-NOTEBOOK-OPEN",
        "ACT-NOTEBOOK-SWITCH",
        "ACT-SELECTION-DUPLICATE",
        "ACT-SELECTION-DELETE",
        "ACT-SELECTION-MOVE",
        "ACT-SELECTION-RESIZE",
        "ACT-LASSO-DRAW",
        "ACT-LASSO-CANCEL",
        "ACT-TEXT-ENTRY",
        "ACT-TEXT-DONE",
        "ACT-TEXT-EDIT",
        "ACT-OBJECT-SHAPE",
        "ACT-OBJECT-REGION",
        "ACT-OBJECT-ARROW",
        "ACT-PANEL-TRIGGER",
        "ACT-PANEL-SWITCH",
        "ACT-PANEL-ESCAPE",
        "ACT-PANEL-OUTSIDE",
        "ACT-PANEL-DRAW",
        "ACT-CLEAR-CANCEL",
        "ACT-CLEAR-CONFIRM",
        "ACT-CLEAR-ESCAPE",
        "ACT-MOBILE-ALL-TOOLS",
        "ACT-MOBILE-DRAWER-CLOSE",
        "ACT-MOBILE-SHEET-CLOSE",
        "ACT-MOBILE-MODAL-BACKDROP",
        "ACT-RESULT-VISIBILITY",
        "ACT-RESULT-COPY-EXPRESSION",
        "ACT-RESULT-COPY-ANSWER",
        "ACT-CORRECTION-VARIABLE",
        "ACT-CORRECTION-MULTIPLY",
        "ACT-SCRATCH",
        "ACT-STATE-RECOGNIZING",
        "ACT-STATE-INCOMPLETE",
        "ACT-STATE-UNCERTAIN",
        "ACT-STATE-VALID",
        "ACT-STATE-INVALID-SYNTAX",
        "ACT-STATE-UNDEFINED-ARITHMETIC",
        "ACT-STATE-UNAVAILABLE-RECOGNITION",
        "ACT-STATE-VARIABLEDEFINED",
        "ACT-STATE-UNBOUNDVARIABLE"
      ],
      "meaningfulMapped": 34,
      "meaningfulMappedIds": [
        "ACT-HOME",
        "ACT-HELP",
        "ACT-TOOL-PEN",
        "ACT-TOOL-STROKE-ERASER",
        "ACT-TOOL-PIXEL-ERASER",
        "ACT-WIDTH",
        "ACT-UNDO",
        "ACT-REDO",
        "ACT-EXPORT",
        "ACT-IMPORT",
        "ACT-IMPORT-FILE",
        "ACT-RETRY",
        "ACT-DRAW",
        "ACT-KEY-P",
        "ACT-KEY-E",
        "ACT-KEY-UNDO",
        "ACT-KEY-REDO-SHIFT",
        "ACT-KEY-REDO-Y",
        "ACT-RESIZE",
        "ACT-RELOAD",
        "ACT-TOOL-HAND",
        "ACT-PAN-FREE",
        "ACT-PAN-VERTICAL",
        "ACT-ZOOM-IN",
        "ACT-ZOOM-OUT",
        "ACT-ZOOM-100",
        "ACT-ZOOM-RESET",
        "ACT-ZOOM-FIT",
        "ACT-GESTURE-SPACE",
        "ACT-GESTURE-WHEEL",
        "ACT-GESTURE-PINCH-WHEEL",
        "ACT-GESTURE-TOUCH-PAN",
        "ACT-GESTURE-TOUCH-PINCH",
        "ACT-GESTURE-CANCEL"
      ],
      "uncovered": 91,
      "uncoveredIds": [
        "ACT-CLEAR",
        "ACT-NOTICE-DISMISS",
        "ACT-TOOL-SELECT",
        "ACT-TOOL-LASSO",
        "ACT-TOOL-PENCIL",
        "ACT-TOOL-HIGHLIGHTER",
        "ACT-TOOL-ERASER",
        "ACT-TOOL-TEXT",
        "ACT-TOOL-SHAPES",
        "ACT-TOOL-REGION",
        "ACT-TOOL-ARROW",
        "ACT-TOOL-CANVAS",
        "ACT-TOOL-HELP-V2",
        "ACT-PEN-COLOR-AUTO",
        "ACT-PEN-COLOR-BLACK",
        "ACT-PEN-COLOR-SOFT-WHITE",
        "ACT-PEN-COLOR-BLUE",
        "ACT-PEN-COLOR-RED",
        "ACT-PEN-PRESSURE",
        "ACT-PENCIL-COLOR-AUTO",
        "ACT-PENCIL-COLOR-BLACK",
        "ACT-PENCIL-COLOR-SOFT-WHITE",
        "ACT-PENCIL-COLOR-BLUE",
        "ACT-PENCIL-COLOR-RED",
        "ACT-PENCIL-PRESSURE",
        "ACT-PENCIL-WIDTH",
        "ACT-HIGHLIGHT-COLOR-YELLOW",
        "ACT-HIGHLIGHT-COLOR-GREEN",
        "ACT-HIGHLIGHT-COLOR-BLUE",
        "ACT-HIGHLIGHT-COLOR-PINK",
        "ACT-HIGHLIGHT-COLOR-ORANGE",
        "ACT-HIGHLIGHT-COLOR-PURPLE",
        "ACT-HIGHLIGHT-WIDTH",
        "ACT-HIGHLIGHT-OPACITY",
        "ACT-ERASE-MODE-WHOLE",
        "ACT-ERASE-MODE-PARTIAL",
        "ACT-ERASE-RADIUS",
        "ACT-THEME",
        "ACT-LIGHT",
        "ACT-DARK",
        "ACT-PAPER-NONE",
        "ACT-PAPER-DOTS",
        "ACT-PAPER-GRID",
        "ACT-PAPER-RULED",
        "ACT-PAPER-RULED-WIDE",
        "ACT-PAPER-SPACING",
        "ACT-PAPER-INTENSITY",
        "ACT-PAPER-INFINITE",
        "ACT-NOTEBOOK-NAME",
        "ACT-NOTEBOOK-NEW",
        "ACT-NOTEBOOK-OPEN",
        "ACT-NOTEBOOK-SWITCH",
        "ACT-SELECTION-DUPLICATE",
        "ACT-SELECTION-DELETE",
        "ACT-SELECTION-MOVE",
        "ACT-SELECTION-RESIZE",
        "ACT-LASSO-DRAW",
        "ACT-LASSO-CANCEL",
        "ACT-TEXT-ENTRY",
        "ACT-TEXT-DONE",
        "ACT-TEXT-EDIT",
        "ACT-OBJECT-SHAPE",
        "ACT-OBJECT-REGION",
        "ACT-OBJECT-ARROW",
        "ACT-PANEL-TRIGGER",
        "ACT-PANEL-SWITCH",
        "ACT-PANEL-ESCAPE",
        "ACT-PANEL-OUTSIDE",
        "ACT-PANEL-DRAW",
        "ACT-CLEAR-CANCEL",
        "ACT-CLEAR-CONFIRM",
        "ACT-CLEAR-ESCAPE",
        "ACT-MOBILE-ALL-TOOLS",
        "ACT-MOBILE-DRAWER-CLOSE",
        "ACT-MOBILE-SHEET-CLOSE",
        "ACT-MOBILE-MODAL-BACKDROP",
        "ACT-RESULT-VISIBILITY",
        "ACT-RESULT-COPY-EXPRESSION",
        "ACT-RESULT-COPY-ANSWER",
        "ACT-CORRECTION-VARIABLE",
        "ACT-CORRECTION-MULTIPLY",
        "ACT-SCRATCH",
        "ACT-STATE-RECOGNIZING",
        "ACT-STATE-INCOMPLETE",
        "ACT-STATE-UNCERTAIN",
        "ACT-STATE-VALID",
        "ACT-STATE-INVALID-SYNTAX",
        "ACT-STATE-UNDEFINED-ARITHMETIC",
        "ACT-STATE-UNAVAILABLE-RECOGNITION",
        "ACT-STATE-VARIABLEDEFINED",
        "ACT-STATE-UNBOUNDVARIABLE"
      ],
      "planned": 55,
      "plannedIds": [
        "ACT-TOOL-SELECT",
        "ACT-TOOL-LASSO",
        "ACT-TOOL-PENCIL",
        "ACT-TOOL-HIGHLIGHTER",
        "ACT-TOOL-ERASER",
        "ACT-TOOL-CANVAS",
        "ACT-TOOL-HELP-V2",
        "ACT-PEN-COLOR-AUTO",
        "ACT-PEN-COLOR-BLACK",
        "ACT-PEN-COLOR-SOFT-WHITE",
        "ACT-PEN-COLOR-BLUE",
        "ACT-PEN-COLOR-RED",
        "ACT-PENCIL-WIDTH",
        "ACT-HIGHLIGHT-COLOR-YELLOW",
        "ACT-HIGHLIGHT-COLOR-GREEN",
        "ACT-HIGHLIGHT-COLOR-BLUE",
        "ACT-HIGHLIGHT-COLOR-PINK",
        "ACT-HIGHLIGHT-COLOR-ORANGE",
        "ACT-HIGHLIGHT-COLOR-PURPLE",
        "ACT-HIGHLIGHT-WIDTH",
        "ACT-ERASE-MODE-WHOLE",
        "ACT-ERASE-MODE-PARTIAL",
        "ACT-ERASE-RADIUS",
        "ACT-THEME",
        "ACT-PAPER-NONE",
        "ACT-PAPER-DOTS",
        "ACT-PAPER-GRID",
        "ACT-PAPER-RULED",
        "ACT-PAPER-RULED-WIDE",
        "ACT-NOTEBOOK-NAME",
        "ACT-NOTEBOOK-NEW",
        "ACT-NOTEBOOK-OPEN",
        "ACT-SELECTION-DUPLICATE",
        "ACT-SELECTION-DELETE",
        "ACT-SELECTION-MOVE",
        "ACT-LASSO-DRAW",
        "ACT-TEXT-ENTRY",
        "ACT-TEXT-DONE",
        "ACT-OBJECT-SHAPE",
        "ACT-OBJECT-REGION",
        "ACT-OBJECT-ARROW",
        "ACT-PANEL-TRIGGER",
        "ACT-PANEL-SWITCH",
        "ACT-PANEL-ESCAPE",
        "ACT-PANEL-DRAW",
        "ACT-CLEAR-CANCEL",
        "ACT-CLEAR-CONFIRM",
        "ACT-MOBILE-ALL-TOOLS",
        "ACT-RESULT-VISIBILITY",
        "ACT-RESULT-COPY-EXPRESSION",
        "ACT-RESULT-COPY-ANSWER",
        "ACT-CORRECTION-VARIABLE",
        "ACT-SCRATCH",
        "ACT-STATE-VALID",
        "ACT-STATE-UNAVAILABLE-RECOGNITION"
      ],
      "missingBehaviorCases": [
        "ACT-CLEAR",
        "ACT-NOTICE-DISMISS",
        "ACT-TOOL-TEXT",
        "ACT-TOOL-SHAPES",
        "ACT-TOOL-REGION",
        "ACT-TOOL-ARROW",
        "ACT-PEN-PRESSURE",
        "ACT-PENCIL-COLOR-AUTO",
        "ACT-PENCIL-COLOR-BLACK",
        "ACT-PENCIL-COLOR-SOFT-WHITE",
        "ACT-PENCIL-COLOR-BLUE",
        "ACT-PENCIL-COLOR-RED",
        "ACT-PENCIL-PRESSURE",
        "ACT-HIGHLIGHT-OPACITY",
        "ACT-LIGHT",
        "ACT-DARK",
        "ACT-PAPER-SPACING",
        "ACT-PAPER-INTENSITY",
        "ACT-PAPER-INFINITE",
        "ACT-NOTEBOOK-SWITCH",
        "ACT-SELECTION-RESIZE",
        "ACT-LASSO-CANCEL",
        "ACT-TEXT-EDIT",
        "ACT-PANEL-OUTSIDE",
        "ACT-CLEAR-ESCAPE",
        "ACT-MOBILE-DRAWER-CLOSE",
        "ACT-MOBILE-SHEET-CLOSE",
        "ACT-MOBILE-MODAL-BACKDROP",
        "ACT-CORRECTION-MULTIPLY",
        "ACT-STATE-RECOGNIZING",
        "ACT-STATE-INCOMPLETE",
        "ACT-STATE-UNCERTAIN",
        "ACT-STATE-INVALID-SYNTAX",
        "ACT-STATE-UNDEFINED-ARITHMETIC",
        "ACT-STATE-VARIABLEDEFINED",
        "ACT-STATE-UNBOUNDVARIABLE"
      ],
      "unimplemented": [
        "ACT-TOOL-SELECT",
        "ACT-TOOL-LASSO",
        "ACT-TOOL-PENCIL",
        "ACT-TOOL-HIGHLIGHTER",
        "ACT-TOOL-ERASER",
        "ACT-TOOL-TEXT",
        "ACT-TOOL-SHAPES",
        "ACT-TOOL-REGION",
        "ACT-TOOL-ARROW",
        "ACT-TOOL-CANVAS",
        "ACT-TOOL-HELP-V2",
        "ACT-PEN-COLOR-AUTO",
        "ACT-PEN-COLOR-BLACK",
        "ACT-PEN-COLOR-SOFT-WHITE",
        "ACT-PEN-COLOR-BLUE",
        "ACT-PEN-COLOR-RED",
        "ACT-PEN-PRESSURE",
        "ACT-PENCIL-COLOR-AUTO",
        "ACT-PENCIL-COLOR-BLACK",
        "ACT-PENCIL-COLOR-SOFT-WHITE",
        "ACT-PENCIL-COLOR-BLUE",
        "ACT-PENCIL-COLOR-RED",
        "ACT-PENCIL-PRESSURE",
        "ACT-PENCIL-WIDTH",
        "ACT-HIGHLIGHT-COLOR-YELLOW",
        "ACT-HIGHLIGHT-COLOR-GREEN",
        "ACT-HIGHLIGHT-COLOR-BLUE",
        "ACT-HIGHLIGHT-COLOR-PINK",
        "ACT-HIGHLIGHT-COLOR-ORANGE",
        "ACT-HIGHLIGHT-COLOR-PURPLE",
        "ACT-HIGHLIGHT-WIDTH",
        "ACT-HIGHLIGHT-OPACITY",
        "ACT-ERASE-MODE-WHOLE",
        "ACT-ERASE-MODE-PARTIAL",
        "ACT-ERASE-RADIUS",
        "ACT-THEME",
        "ACT-LIGHT",
        "ACT-DARK",
        "ACT-PAPER-NONE",
        "ACT-PAPER-DOTS",
        "ACT-PAPER-GRID",
        "ACT-PAPER-RULED",
        "ACT-PAPER-RULED-WIDE",
        "ACT-PAPER-SPACING",
        "ACT-PAPER-INTENSITY",
        "ACT-PAPER-INFINITE",
        "ACT-NOTEBOOK-NAME",
        "ACT-NOTEBOOK-NEW",
        "ACT-NOTEBOOK-OPEN",
        "ACT-NOTEBOOK-SWITCH",
        "ACT-SELECTION-DUPLICATE",
        "ACT-SELECTION-DELETE",
        "ACT-SELECTION-MOVE",
        "ACT-SELECTION-RESIZE",
        "ACT-LASSO-DRAW",
        "ACT-LASSO-CANCEL",
        "ACT-TEXT-ENTRY",
        "ACT-TEXT-DONE",
        "ACT-TEXT-EDIT",
        "ACT-OBJECT-SHAPE",
        "ACT-OBJECT-REGION",
        "ACT-OBJECT-ARROW",
        "ACT-PANEL-TRIGGER",
        "ACT-PANEL-SWITCH",
        "ACT-PANEL-ESCAPE",
        "ACT-PANEL-OUTSIDE",
        "ACT-PANEL-DRAW",
        "ACT-CLEAR-CANCEL",
        "ACT-CLEAR-CONFIRM",
        "ACT-CLEAR-ESCAPE",
        "ACT-MOBILE-ALL-TOOLS",
        "ACT-MOBILE-DRAWER-CLOSE",
        "ACT-MOBILE-SHEET-CLOSE",
        "ACT-MOBILE-MODAL-BACKDROP",
        "ACT-RESULT-VISIBILITY",
        "ACT-RESULT-COPY-EXPRESSION",
        "ACT-RESULT-COPY-ANSWER",
        "ACT-CORRECTION-VARIABLE",
        "ACT-CORRECTION-MULTIPLY",
        "ACT-SCRATCH",
        "ACT-STATE-RECOGNIZING",
        "ACT-STATE-INCOMPLETE",
        "ACT-STATE-UNCERTAIN",
        "ACT-STATE-VALID",
        "ACT-STATE-INVALID-SYNTAX",
        "ACT-STATE-UNDEFINED-ARITHMETIC",
        "ACT-STATE-UNAVAILABLE-RECOGNITION",
        "ACT-STATE-VARIABLEDEFINED",
        "ACT-STATE-UNBOUNDVARIABLE"
      ],
      "pendingOrFailed": [
        "ACT-HOME",
        "ACT-HELP",
        "ACT-TOOL-PEN",
        "ACT-TOOL-STROKE-ERASER",
        "ACT-TOOL-PIXEL-ERASER",
        "ACT-WIDTH",
        "ACT-UNDO",
        "ACT-REDO",
        "ACT-CLEAR",
        "ACT-EXPORT",
        "ACT-IMPORT",
        "ACT-IMPORT-FILE",
        "ACT-NOTICE-DISMISS",
        "ACT-RETRY",
        "ACT-DRAW",
        "ACT-KEY-P",
        "ACT-KEY-E",
        "ACT-KEY-UNDO",
        "ACT-KEY-REDO-SHIFT",
        "ACT-KEY-REDO-Y",
        "ACT-RESIZE",
        "ACT-RELOAD",
        "ACT-TOOL-SELECT",
        "ACT-TOOL-LASSO",
        "ACT-TOOL-PENCIL",
        "ACT-TOOL-HIGHLIGHTER",
        "ACT-TOOL-ERASER",
        "ACT-TOOL-TEXT",
        "ACT-TOOL-SHAPES",
        "ACT-TOOL-REGION",
        "ACT-TOOL-ARROW",
        "ACT-TOOL-HAND",
        "ACT-TOOL-CANVAS",
        "ACT-TOOL-HELP-V2",
        "ACT-PEN-COLOR-AUTO",
        "ACT-PEN-COLOR-BLACK",
        "ACT-PEN-COLOR-SOFT-WHITE",
        "ACT-PEN-COLOR-BLUE",
        "ACT-PEN-COLOR-RED",
        "ACT-PEN-PRESSURE",
        "ACT-PENCIL-COLOR-AUTO",
        "ACT-PENCIL-COLOR-BLACK",
        "ACT-PENCIL-COLOR-SOFT-WHITE",
        "ACT-PENCIL-COLOR-BLUE",
        "ACT-PENCIL-COLOR-RED",
        "ACT-PENCIL-PRESSURE",
        "ACT-PENCIL-WIDTH",
        "ACT-HIGHLIGHT-COLOR-YELLOW",
        "ACT-HIGHLIGHT-COLOR-GREEN",
        "ACT-HIGHLIGHT-COLOR-BLUE",
        "ACT-HIGHLIGHT-COLOR-PINK",
        "ACT-HIGHLIGHT-COLOR-ORANGE",
        "ACT-HIGHLIGHT-COLOR-PURPLE",
        "ACT-HIGHLIGHT-WIDTH",
        "ACT-HIGHLIGHT-OPACITY",
        "ACT-ERASE-MODE-WHOLE",
        "ACT-ERASE-MODE-PARTIAL",
        "ACT-ERASE-RADIUS",
        "ACT-PAN-FREE",
        "ACT-PAN-VERTICAL",
        "ACT-ZOOM-IN",
        "ACT-ZOOM-OUT",
        "ACT-ZOOM-100",
        "ACT-ZOOM-RESET",
        "ACT-ZOOM-FIT",
        "ACT-GESTURE-SPACE",
        "ACT-GESTURE-WHEEL",
        "ACT-GESTURE-PINCH-WHEEL",
        "ACT-GESTURE-TOUCH-PAN",
        "ACT-GESTURE-TOUCH-PINCH",
        "ACT-GESTURE-CANCEL",
        "ACT-THEME",
        "ACT-LIGHT",
        "ACT-DARK",
        "ACT-PAPER-NONE",
        "ACT-PAPER-DOTS",
        "ACT-PAPER-GRID",
        "ACT-PAPER-RULED",
        "ACT-PAPER-RULED-WIDE",
        "ACT-PAPER-SPACING",
        "ACT-PAPER-INTENSITY",
        "ACT-PAPER-INFINITE",
        "ACT-NOTEBOOK-NAME",
        "ACT-NOTEBOOK-NEW",
        "ACT-NOTEBOOK-OPEN",
        "ACT-NOTEBOOK-SWITCH",
        "ACT-SELECTION-DUPLICATE",
        "ACT-SELECTION-DELETE",
        "ACT-SELECTION-MOVE",
        "ACT-SELECTION-RESIZE",
        "ACT-LASSO-DRAW",
        "ACT-LASSO-CANCEL",
        "ACT-TEXT-ENTRY",
        "ACT-TEXT-DONE",
        "ACT-TEXT-EDIT",
        "ACT-OBJECT-SHAPE",
        "ACT-OBJECT-REGION",
        "ACT-OBJECT-ARROW",
        "ACT-PANEL-TRIGGER",
        "ACT-PANEL-SWITCH",
        "ACT-PANEL-ESCAPE",
        "ACT-PANEL-OUTSIDE",
        "ACT-PANEL-DRAW",
        "ACT-CLEAR-CANCEL",
        "ACT-CLEAR-CONFIRM",
        "ACT-CLEAR-ESCAPE",
        "ACT-MOBILE-ALL-TOOLS",
        "ACT-MOBILE-DRAWER-CLOSE",
        "ACT-MOBILE-SHEET-CLOSE",
        "ACT-MOBILE-MODAL-BACKDROP",
        "ACT-RESULT-VISIBILITY",
        "ACT-RESULT-COPY-EXPRESSION",
        "ACT-RESULT-COPY-ANSWER",
        "ACT-CORRECTION-VARIABLE",
        "ACT-CORRECTION-MULTIPLY",
        "ACT-SCRATCH",
        "ACT-STATE-RECOGNIZING",
        "ACT-STATE-INCOMPLETE",
        "ACT-STATE-UNCERTAIN",
        "ACT-STATE-VALID",
        "ACT-STATE-INVALID-SYNTAX",
        "ACT-STATE-UNDEFINED-ARITHMETIC",
        "ACT-STATE-UNAVAILABLE-RECOGNITION",
        "ACT-STATE-VARIABLEDEFINED",
        "ACT-STATE-UNBOUNDVARIABLE"
      ]
    },
    "executableCases": {
      "total": 41,
      "required": 16
    }
  },
  "latestActionResults": [
    {
      "id": "ACT-HOME",
      "featureId": "F-HELP",
      "implementationStatus": "implemented_unverified",
      "testResults": [
        {
          "id": "PROD-B07",
          "status": "PENDING",
          "attempts": []
        }
      ],
      "status": "PENDING_OR_FAILED",
      "commit": null,
      "sourceHash": null,
      "evidence": []
    },
    {
      "id": "ACT-HELP",
      "featureId": "F-HELP",
      "implementationStatus": "implemented_unverified",
      "testResults": [
        {
          "id": "PROD-B07",
          "status": "PENDING",
          "attempts": []
        },
        {
          "id": "PROD-V16",
          "status": "PENDING",
          "attempts": []
        }
      ],
      "status": "PENDING_OR_FAILED",
      "commit": null,
      "sourceHash": null,
      "evidence": []
    },
    {
      "id": "ACT-TOOL-PEN",
      "featureId": "F-PEN",
      "implementationStatus": "implemented_unverified",
      "testResults": [
        {
          "id": "PROD-B01",
          "status": "PENDING",
          "attempts": []
        },
        {
          "id": "PROD-B04",
          "status": "PENDING",
          "attempts": []
        },
        {
          "id": "PROD-V01",
          "status": "PENDING",
          "attempts": []
        }
      ],
      "status": "PENDING_OR_FAILED",
      "commit": null,
      "sourceHash": null,
      "evidence": []
    },
    {
      "id": "ACT-TOOL-STROKE-ERASER",
      "featureId": "F-ERASER",
      "implementationStatus": "implemented_unverified",
      "testResults": [
        {
          "id": "PROD-B02",
          "status": "PENDING",
          "attempts": []
        }
      ],
      "status": "PENDING_OR_FAILED",
      "commit": null,
      "sourceHash": null,
      "evidence": []
    },
    {
      "id": "ACT-TOOL-PIXEL-ERASER",
      "featureId": "F-ERASER",
      "implementationStatus": "implemented_unverified",
      "testResults": [
        {
          "id": "PROD-B03",
          "status": "PENDING",
          "attempts": []
        }
      ],
      "status": "PENDING_OR_FAILED",
      "commit": null,
      "sourceHash": null,
      "evidence": []
    },
    {
      "id": "ACT-WIDTH",
      "featureId": "F-PEN",
      "implementationStatus": "implemented_unverified",
      "testResults": [
        {
          "id": "PROD-B01",
          "status": "PENDING",
          "attempts": []
        },
        {
          "id": "PROD-V01",
          "status": "PENDING",
          "attempts": []
        }
      ],
      "status": "PENDING_OR_FAILED",
      "commit": null,
      "sourceHash": null,
      "evidence": []
    },
    {
      "id": "ACT-UNDO",
      "featureId": "F-HISTORY",
      "implementationStatus": "implemented_unverified",
      "testResults": [
        {
          "id": "PROD-B02",
          "status": "PENDING",
          "attempts": []
        },
        {
          "id": "PROD-B03",
          "status": "PENDING",
          "attempts": []
        },
        {
          "id": "PROD-B04",
          "status": "PENDING",
          "attempts": []
        }
      ],
      "status": "PENDING_OR_FAILED",
      "commit": null,
      "sourceHash": null,
      "evidence": []
    },
    {
      "id": "ACT-REDO",
      "featureId": "F-HISTORY",
      "implementationStatus": "implemented_unverified",
      "testResults": [
        {
          "id": "PROD-B02",
          "status": "PENDING",
          "attempts": []
        },
        {
          "id": "PROD-B03",
          "status": "PENDING",
          "attempts": []
        },
        {
          "id": "PROD-B04",
          "status": "PENDING",
          "attempts": []
        }
      ],
      "status": "PENDING_OR_FAILED",
      "commit": null,
      "sourceHash": null,
      "evidence": []
    },
    {
      "id": "ACT-CLEAR",
      "featureId": "F-CLEAR",
      "implementationStatus": "implemented_unverified",
      "testResults": [
        {
          "id": "PROD-B12",
          "status": "PENDING",
          "attempts": []
        },
        {
          "id": "PROD-V06",
          "status": "PENDING",
          "attempts": []
        }
      ],
      "status": "MISSING_BEHAVIOR_CASE",
      "commit": null,
      "sourceHash": null,
      "evidence": []
    },
    {
      "id": "ACT-EXPORT",
      "featureId": "F-EXPORT",
      "implementationStatus": "implemented_unverified",
      "testResults": [
        {
          "id": "PROD-B05",
          "status": "PENDING",
          "attempts": []
        }
      ],
      "status": "PENDING_OR_FAILED",
      "commit": null,
      "sourceHash": null,
      "evidence": []
    },
    {
      "id": "ACT-IMPORT",
      "featureId": "F-IMPORT",
      "implementationStatus": "implemented_unverified",
      "testResults": [
        {
          "id": "PROD-B05",
          "status": "PENDING",
          "attempts": []
        },
        {
          "id": "PROD-B06",
          "status": "PENDING",
          "attempts": []
        }
      ],
      "status": "PENDING_OR_FAILED",
      "commit": null,
      "sourceHash": null,
      "evidence": []
    },
    {
      "id": "ACT-IMPORT-FILE",
      "featureId": "F-IMPORT",
      "implementationStatus": "implemented_unverified",
      "testResults": [
        {
          "id": "PROD-B05",
          "status": "PENDING",
          "attempts": []
        },
        {
          "id": "PROD-B06",
          "status": "PENDING",
          "attempts": []
        }
      ],
      "status": "PENDING_OR_FAILED",
      "commit": null,
      "sourceHash": null,
      "evidence": []
    },
    {
      "id": "ACT-NOTICE-DISMISS",
      "featureId": "F-HELP",
      "implementationStatus": "implemented_unverified",
      "testResults": [
        {
          "id": "PROD-B05",
          "status": "PENDING",
          "attempts": []
        },
        {
          "id": "PROD-B06",
          "status": "PENDING",
          "attempts": []
        }
      ],
      "status": "MISSING_BEHAVIOR_CASE",
      "commit": null,
      "sourceHash": null,
      "evidence": []
    },
    {
      "id": "ACT-RETRY",
      "featureId": "F-FAILURE",
      "implementationStatus": "implemented_unverified",
      "testResults": [
        {
          "id": "PROD-B11",
          "status": "PENDING",
          "attempts": []
        }
      ],
      "status": "PENDING_OR_FAILED",
      "commit": null,
      "sourceHash": null,
      "evidence": []
    },
    {
      "id": "ACT-DRAW",
      "featureId": "F-INK",
      "implementationStatus": "implemented_unverified",
      "testResults": [
        {
          "id": "PROD-B01",
          "status": "PENDING",
          "attempts": []
        },
        {
          "id": "PROD-D01",
          "status": "PENDING",
          "attempts": []
        },
        {
          "id": "PROD-D02",
          "status": "PENDING",
          "attempts": []
        },
        {
          "id": "PROD-B14",
          "status": "PENDING",
          "attempts": []
        }
      ],
      "status": "PENDING_OR_FAILED",
      "commit": null,
      "sourceHash": null,
      "evidence": []
    },
    {
      "id": "ACT-KEY-P",
      "featureId": "F-HELP",
      "implementationStatus": "implemented_unverified",
      "testResults": [
        {
          "id": "PROD-B04",
          "status": "PENDING",
          "attempts": []
        }
      ],
      "status": "PENDING_OR_FAILED",
      "commit": null,
      "sourceHash": null,
      "evidence": []
    },
    {
      "id": "ACT-KEY-E",
      "featureId": "F-HELP",
      "implementationStatus": "implemented_unverified",
      "testResults": [
        {
          "id": "PROD-B04",
          "status": "PENDING",
          "attempts": []
        }
      ],
      "status": "PENDING_OR_FAILED",
      "commit": null,
      "sourceHash": null,
      "evidence": []
    },
    {
      "id": "ACT-KEY-UNDO",
      "featureId": "F-HISTORY",
      "implementationStatus": "implemented_unverified",
      "testResults": [
        {
          "id": "PROD-B04",
          "status": "PENDING",
          "attempts": []
        }
      ],
      "status": "PENDING_OR_FAILED",
      "commit": null,
      "sourceHash": null,
      "evidence": []
    },
    {
      "id": "ACT-KEY-REDO-SHIFT",
      "featureId": "F-HISTORY",
      "implementationStatus": "implemented_unverified",
      "testResults": [
        {
          "id": "PROD-B04",
          "status": "PENDING",
          "attempts": []
        }
      ],
      "status": "PENDING_OR_FAILED",
      "commit": null,
      "sourceHash": null,
      "evidence": []
    },
    {
      "id": "ACT-KEY-REDO-Y",
      "featureId": "F-HISTORY",
      "implementationStatus": "implemented_unverified",
      "testResults": [
        {
          "id": "PROD-B04",
          "status": "PENDING",
          "attempts": []
        }
      ],
      "status": "PENDING_OR_FAILED",
      "commit": null,
      "sourceHash": null,
      "evidence": []
    },
    {
      "id": "ACT-RESIZE",
      "featureId": "F-RESPONSIVE",
      "implementationStatus": "implemented_unverified",
      "testResults": [
        {
          "id": "PROD-B08",
          "status": "PENDING",
          "attempts": []
        },
        {
          "id": "PROD-V16",
          "status": "PENDING",
          "attempts": []
        }
      ],
      "status": "PENDING_OR_FAILED",
      "commit": null,
      "sourceHash": null,
      "evidence": []
    },
    {
      "id": "ACT-RELOAD",
      "featureId": "F-NOTEBOOK",
      "implementationStatus": "implemented_unverified",
      "testResults": [
        {
          "id": "PROD-B01",
          "status": "PENDING",
          "attempts": []
        },
        {
          "id": "PROD-B10",
          "status": "PENDING",
          "attempts": []
        }
      ],
      "status": "PENDING_OR_FAILED",
      "commit": null,
      "sourceHash": null,
      "evidence": []
    },
    {
      "id": "ACT-TOOL-SELECT",
      "featureId": "F-SELECT",
      "implementationStatus": "unimplemented",
      "testResults": [
        {
          "id": "PROD-V11",
          "status": "PENDING",
          "attempts": []
        }
      ],
      "status": "UNIMPLEMENTED",
      "commit": null,
      "sourceHash": null,
      "evidence": []
    },
    {
      "id": "ACT-TOOL-LASSO",
      "featureId": "F-LASSO",
      "implementationStatus": "unimplemented",
      "testResults": [
        {
          "id": "PROD-V11",
          "status": "PENDING",
          "attempts": []
        }
      ],
      "status": "UNIMPLEMENTED",
      "commit": null,
      "sourceHash": null,
      "evidence": []
    },
    {
      "id": "ACT-TOOL-PENCIL",
      "featureId": "F-PENCIL",
      "implementationStatus": "unimplemented",
      "testResults": [
        {
          "id": "PROD-V01",
          "status": "PENDING",
          "attempts": []
        }
      ],
      "status": "UNIMPLEMENTED",
      "commit": null,
      "sourceHash": null,
      "evidence": []
    },
    {
      "id": "ACT-TOOL-HIGHLIGHTER",
      "featureId": "F-HIGHLIGHTER",
      "implementationStatus": "unimplemented",
      "testResults": [
        {
          "id": "PROD-V01",
          "status": "PENDING",
          "attempts": []
        },
        {
          "id": "PROD-V03",
          "status": "PENDING",
          "attempts": []
        }
      ],
      "status": "UNIMPLEMENTED",
      "commit": null,
      "sourceHash": null,
      "evidence": []
    },
    {
      "id": "ACT-TOOL-ERASER",
      "featureId": "F-ERASER",
      "implementationStatus": "unimplemented",
      "testResults": [
        {
          "id": "PROD-V04",
          "status": "PENDING",
          "attempts": []
        }
      ],
      "status": "UNIMPLEMENTED",
      "commit": null,
      "sourceHash": null,
      "evidence": []
    },
    {
      "id": "ACT-TOOL-TEXT",
      "featureId": "F-TEXT",
      "implementationStatus": "unimplemented",
      "testResults": [
        {
          "id": "PROD-V10",
          "status": "PENDING",
          "attempts": []
        }
      ],
      "status": "UNIMPLEMENTED",
      "commit": null,
      "sourceHash": null,
      "evidence": []
    },
    {
      "id": "ACT-TOOL-SHAPES",
      "featureId": "F-SHAPES",
      "implementationStatus": "unimplemented",
      "testResults": [
        {
          "id": "PROD-V10",
          "status": "PENDING",
          "attempts": []
        }
      ],
      "status": "UNIMPLEMENTED",
      "commit": null,
      "sourceHash": null,
      "evidence": []
    },
    {
      "id": "ACT-TOOL-REGION",
      "featureId": "F-REGION",
      "implementationStatus": "unimplemented",
      "testResults": [
        {
          "id": "PROD-V10",
          "status": "PENDING",
          "attempts": []
        }
      ],
      "status": "UNIMPLEMENTED",
      "commit": null,
      "sourceHash": null,
      "evidence": []
    },
    {
      "id": "ACT-TOOL-ARROW",
      "featureId": "F-ARROW",
      "implementationStatus": "unimplemented",
      "testResults": [
        {
          "id": "PROD-V10",
          "status": "PENDING",
          "attempts": []
        }
      ],
      "status": "UNIMPLEMENTED",
      "commit": null,
      "sourceHash": null,
      "evidence": []
    },
    {
      "id": "ACT-TOOL-HAND",
      "featureId": "F-HAND",
      "implementationStatus": "implemented_unverified",
      "testResults": [
        {
          "id": "PROD-V07",
          "status": "PENDING",
          "attempts": []
        },
        {
          "id": "PROD-N01",
          "status": "PENDING",
          "attempts": []
        }
      ],
      "status": "PENDING_OR_FAILED",
      "commit": null,
      "sourceHash": null,
      "evidence": []
    },
    {
      "id": "ACT-TOOL-CANVAS",
      "featureId": "F-PAPER",
      "implementationStatus": "unimplemented",
      "testResults": [
        {
          "id": "PROD-V09",
          "status": "PENDING",
          "attempts": []
        }
      ],
      "status": "UNIMPLEMENTED",
      "commit": null,
      "sourceHash": null,
      "evidence": []
    },
    {
      "id": "ACT-TOOL-HELP-V2",
      "featureId": "F-HELP",
      "implementationStatus": "unimplemented",
      "testResults": [
        {
          "id": "PROD-V16",
          "status": "PENDING",
          "attempts": []
        }
      ],
      "status": "UNIMPLEMENTED",
      "commit": null,
      "sourceHash": null,
      "evidence": []
    },
    {
      "id": "ACT-PEN-COLOR-AUTO",
      "featureId": "F-PEN",
      "implementationStatus": "unimplemented",
      "testResults": [
        {
          "id": "PROD-V02",
          "status": "PENDING",
          "attempts": []
        }
      ],
      "status": "UNIMPLEMENTED",
      "commit": null,
      "sourceHash": null,
      "evidence": []
    },
    {
      "id": "ACT-PEN-COLOR-BLACK",
      "featureId": "F-PEN",
      "implementationStatus": "unimplemented",
      "testResults": [
        {
          "id": "PROD-V02",
          "status": "PENDING",
          "attempts": []
        }
      ],
      "status": "UNIMPLEMENTED",
      "commit": null,
      "sourceHash": null,
      "evidence": []
    },
    {
      "id": "ACT-PEN-COLOR-SOFT-WHITE",
      "featureId": "F-PEN",
      "implementationStatus": "unimplemented",
      "testResults": [
        {
          "id": "PROD-V02",
          "status": "PENDING",
          "attempts": []
        }
      ],
      "status": "UNIMPLEMENTED",
      "commit": null,
      "sourceHash": null,
      "evidence": []
    },
    {
      "id": "ACT-PEN-COLOR-BLUE",
      "featureId": "F-PEN",
      "implementationStatus": "unimplemented",
      "testResults": [
        {
          "id": "PROD-V02",
          "status": "PENDING",
          "attempts": []
        }
      ],
      "status": "UNIMPLEMENTED",
      "commit": null,
      "sourceHash": null,
      "evidence": []
    },
    {
      "id": "ACT-PEN-COLOR-RED",
      "featureId": "F-PEN",
      "implementationStatus": "unimplemented",
      "testResults": [
        {
          "id": "PROD-V02",
          "status": "PENDING",
          "attempts": []
        }
      ],
      "status": "UNIMPLEMENTED",
      "commit": null,
      "sourceHash": null,
      "evidence": []
    },
    {
      "id": "ACT-PEN-PRESSURE",
      "featureId": "F-PEN",
      "implementationStatus": "unimplemented",
      "testResults": [
        {
          "id": "PROD-V01",
          "status": "PENDING",
          "attempts": []
        }
      ],
      "status": "UNIMPLEMENTED",
      "commit": null,
      "sourceHash": null,
      "evidence": []
    },
    {
      "id": "ACT-PENCIL-COLOR-AUTO",
      "featureId": "F-PENCIL",
      "implementationStatus": "unimplemented",
      "testResults": [
        {
          "id": "PROD-V01",
          "status": "PENDING",
          "attempts": []
        }
      ],
      "status": "UNIMPLEMENTED",
      "commit": null,
      "sourceHash": null,
      "evidence": []
    },
    {
      "id": "ACT-PENCIL-COLOR-BLACK",
      "featureId": "F-PENCIL",
      "implementationStatus": "unimplemented",
      "testResults": [
        {
          "id": "PROD-V01",
          "status": "PENDING",
          "attempts": []
        }
      ],
      "status": "UNIMPLEMENTED",
      "commit": null,
      "sourceHash": null,
      "evidence": []
    },
    {
      "id": "ACT-PENCIL-COLOR-SOFT-WHITE",
      "featureId": "F-PENCIL",
      "implementationStatus": "unimplemented",
      "testResults": [
        {
          "id": "PROD-V01",
          "status": "PENDING",
          "attempts": []
        }
      ],
      "status": "UNIMPLEMENTED",
      "commit": null,
      "sourceHash": null,
      "evidence": []
    },
    {
      "id": "ACT-PENCIL-COLOR-BLUE",
      "featureId": "F-PENCIL",
      "implementationStatus": "unimplemented",
      "testResults": [
        {
          "id": "PROD-V01",
          "status": "PENDING",
          "attempts": []
        }
      ],
      "status": "UNIMPLEMENTED",
      "commit": null,
      "sourceHash": null,
      "evidence": []
    },
    {
      "id": "ACT-PENCIL-COLOR-RED",
      "featureId": "F-PENCIL",
      "implementationStatus": "unimplemented",
      "testResults": [
        {
          "id": "PROD-V01",
          "status": "PENDING",
          "attempts": []
        }
      ],
      "status": "UNIMPLEMENTED",
      "commit": null,
      "sourceHash": null,
      "evidence": []
    },
    {
      "id": "ACT-PENCIL-PRESSURE",
      "featureId": "F-PENCIL",
      "implementationStatus": "unimplemented",
      "testResults": [
        {
          "id": "PROD-V01",
          "status": "PENDING",
          "attempts": []
        }
      ],
      "status": "UNIMPLEMENTED",
      "commit": null,
      "sourceHash": null,
      "evidence": []
    },
    {
      "id": "ACT-PENCIL-WIDTH",
      "featureId": "F-PENCIL",
      "implementationStatus": "unimplemented",
      "testResults": [
        {
          "id": "PROD-V01",
          "status": "PENDING",
          "attempts": []
        }
      ],
      "status": "UNIMPLEMENTED",
      "commit": null,
      "sourceHash": null,
      "evidence": []
    },
    {
      "id": "ACT-HIGHLIGHT-COLOR-YELLOW",
      "featureId": "F-HIGHLIGHTER",
      "implementationStatus": "unimplemented",
      "testResults": [
        {
          "id": "PROD-V03",
          "status": "PENDING",
          "attempts": []
        }
      ],
      "status": "UNIMPLEMENTED",
      "commit": null,
      "sourceHash": null,
      "evidence": []
    },
    {
      "id": "ACT-HIGHLIGHT-COLOR-GREEN",
      "featureId": "F-HIGHLIGHTER",
      "implementationStatus": "unimplemented",
      "testResults": [
        {
          "id": "PROD-V03",
          "status": "PENDING",
          "attempts": []
        }
      ],
      "status": "UNIMPLEMENTED",
      "commit": null,
      "sourceHash": null,
      "evidence": []
    },
    {
      "id": "ACT-HIGHLIGHT-COLOR-BLUE",
      "featureId": "F-HIGHLIGHTER",
      "implementationStatus": "unimplemented",
      "testResults": [
        {
          "id": "PROD-V03",
          "status": "PENDING",
          "attempts": []
        }
      ],
      "status": "UNIMPLEMENTED",
      "commit": null,
      "sourceHash": null,
      "evidence": []
    },
    {
      "id": "ACT-HIGHLIGHT-COLOR-PINK",
      "featureId": "F-HIGHLIGHTER",
      "implementationStatus": "unimplemented",
      "testResults": [
        {
          "id": "PROD-V03",
          "status": "PENDING",
          "attempts": []
        }
      ],
      "status": "UNIMPLEMENTED",
      "commit": null,
      "sourceHash": null,
      "evidence": []
    },
    {
      "id": "ACT-HIGHLIGHT-COLOR-ORANGE",
      "featureId": "F-HIGHLIGHTER",
      "implementationStatus": "unimplemented",
      "testResults": [
        {
          "id": "PROD-V03",
          "status": "PENDING",
          "attempts": []
        }
      ],
      "status": "UNIMPLEMENTED",
      "commit": null,
      "sourceHash": null,
      "evidence": []
    },
    {
      "id": "ACT-HIGHLIGHT-COLOR-PURPLE",
      "featureId": "F-HIGHLIGHTER",
      "implementationStatus": "unimplemented",
      "testResults": [
        {
          "id": "PROD-V03",
          "status": "PENDING",
          "attempts": []
        }
      ],
      "status": "UNIMPLEMENTED",
      "commit": null,
      "sourceHash": null,
      "evidence": []
    },
    {
      "id": "ACT-HIGHLIGHT-WIDTH",
      "featureId": "F-HIGHLIGHTER",
      "implementationStatus": "unimplemented",
      "testResults": [
        {
          "id": "PROD-V01",
          "status": "PENDING",
          "attempts": []
        },
        {
          "id": "PROD-V03",
          "status": "PENDING",
          "attempts": []
        }
      ],
      "status": "UNIMPLEMENTED",
      "commit": null,
      "sourceHash": null,
      "evidence": []
    },
    {
      "id": "ACT-HIGHLIGHT-OPACITY",
      "featureId": "F-HIGHLIGHTER",
      "implementationStatus": "unimplemented",
      "testResults": [
        {
          "id": "PROD-V01",
          "status": "PENDING",
          "attempts": []
        },
        {
          "id": "PROD-V03",
          "status": "PENDING",
          "attempts": []
        }
      ],
      "status": "UNIMPLEMENTED",
      "commit": null,
      "sourceHash": null,
      "evidence": []
    },
    {
      "id": "ACT-ERASE-MODE-WHOLE",
      "featureId": "F-ERASER",
      "implementationStatus": "unimplemented",
      "testResults": [
        {
          "id": "PROD-V04",
          "status": "PENDING",
          "attempts": []
        }
      ],
      "status": "UNIMPLEMENTED",
      "commit": null,
      "sourceHash": null,
      "evidence": []
    },
    {
      "id": "ACT-ERASE-MODE-PARTIAL",
      "featureId": "F-ERASER",
      "implementationStatus": "unimplemented",
      "testResults": [
        {
          "id": "PROD-V04",
          "status": "PENDING",
          "attempts": []
        }
      ],
      "status": "UNIMPLEMENTED",
      "commit": null,
      "sourceHash": null,
      "evidence": []
    },
    {
      "id": "ACT-ERASE-RADIUS",
      "featureId": "F-ERASER",
      "implementationStatus": "unimplemented",
      "testResults": [
        {
          "id": "PROD-V04",
          "status": "PENDING",
          "attempts": []
        }
      ],
      "status": "UNIMPLEMENTED",
      "commit": null,
      "sourceHash": null,
      "evidence": []
    },
    {
      "id": "ACT-PAN-FREE",
      "featureId": "F-HAND",
      "implementationStatus": "implemented_unverified",
      "testResults": [
        {
          "id": "PROD-V07",
          "status": "PENDING",
          "attempts": []
        },
        {
          "id": "PROD-N01",
          "status": "PENDING",
          "attempts": []
        }
      ],
      "status": "PENDING_OR_FAILED",
      "commit": null,
      "sourceHash": null,
      "evidence": []
    },
    {
      "id": "ACT-PAN-VERTICAL",
      "featureId": "F-HAND",
      "implementationStatus": "implemented_unverified",
      "testResults": [
        {
          "id": "PROD-V07",
          "status": "PENDING",
          "attempts": []
        },
        {
          "id": "PROD-N01",
          "status": "PENDING",
          "attempts": []
        }
      ],
      "status": "PENDING_OR_FAILED",
      "commit": null,
      "sourceHash": null,
      "evidence": []
    },
    {
      "id": "ACT-ZOOM-IN",
      "featureId": "F-ZOOM",
      "implementationStatus": "implemented_unverified",
      "testResults": [
        {
          "id": "PROD-V07",
          "status": "PENDING",
          "attempts": []
        },
        {
          "id": "PROD-N01",
          "status": "PENDING",
          "attempts": []
        }
      ],
      "status": "PENDING_OR_FAILED",
      "commit": null,
      "sourceHash": null,
      "evidence": []
    },
    {
      "id": "ACT-ZOOM-OUT",
      "featureId": "F-ZOOM",
      "implementationStatus": "implemented_unverified",
      "testResults": [
        {
          "id": "PROD-V07",
          "status": "PENDING",
          "attempts": []
        },
        {
          "id": "PROD-N01",
          "status": "PENDING",
          "attempts": []
        }
      ],
      "status": "PENDING_OR_FAILED",
      "commit": null,
      "sourceHash": null,
      "evidence": []
    },
    {
      "id": "ACT-ZOOM-100",
      "featureId": "F-ZOOM",
      "implementationStatus": "implemented_unverified",
      "testResults": [
        {
          "id": "PROD-V07",
          "status": "PENDING",
          "attempts": []
        },
        {
          "id": "PROD-N01",
          "status": "PENDING",
          "attempts": []
        }
      ],
      "status": "PENDING_OR_FAILED",
      "commit": null,
      "sourceHash": null,
      "evidence": []
    },
    {
      "id": "ACT-ZOOM-RESET",
      "featureId": "F-ZOOM",
      "implementationStatus": "implemented_unverified",
      "testResults": [
        {
          "id": "PROD-V07",
          "status": "PENDING",
          "attempts": []
        },
        {
          "id": "PROD-N01",
          "status": "PENDING",
          "attempts": []
        }
      ],
      "status": "PENDING_OR_FAILED",
      "commit": null,
      "sourceHash": null,
      "evidence": []
    },
    {
      "id": "ACT-ZOOM-FIT",
      "featureId": "F-ZOOM",
      "implementationStatus": "implemented_unverified",
      "testResults": [
        {
          "id": "PROD-V07",
          "status": "PENDING",
          "attempts": []
        },
        {
          "id": "PROD-N01",
          "status": "PENDING",
          "attempts": []
        }
      ],
      "status": "PENDING_OR_FAILED",
      "commit": null,
      "sourceHash": null,
      "evidence": []
    },
    {
      "id": "ACT-GESTURE-SPACE",
      "featureId": "F-GESTURES",
      "implementationStatus": "implemented_unverified",
      "testResults": [
        {
          "id": "PROD-V07",
          "status": "PENDING",
          "attempts": []
        },
        {
          "id": "PROD-N05",
          "status": "PENDING",
          "attempts": []
        }
      ],
      "status": "PENDING_OR_FAILED",
      "commit": null,
      "sourceHash": null,
      "evidence": []
    },
    {
      "id": "ACT-GESTURE-WHEEL",
      "featureId": "F-GESTURES",
      "implementationStatus": "implemented_unverified",
      "testResults": [
        {
          "id": "PROD-V08",
          "status": "PENDING",
          "attempts": []
        },
        {
          "id": "PROD-N07",
          "status": "PENDING",
          "attempts": []
        }
      ],
      "status": "PENDING_OR_FAILED",
      "commit": null,
      "sourceHash": null,
      "evidence": []
    },
    {
      "id": "ACT-GESTURE-PINCH-WHEEL",
      "featureId": "F-GESTURES",
      "implementationStatus": "implemented_unverified",
      "testResults": [
        {
          "id": "PROD-V08",
          "status": "PENDING",
          "attempts": []
        },
        {
          "id": "PROD-N07",
          "status": "PENDING",
          "attempts": []
        }
      ],
      "status": "PENDING_OR_FAILED",
      "commit": null,
      "sourceHash": null,
      "evidence": []
    },
    {
      "id": "ACT-GESTURE-TOUCH-PAN",
      "featureId": "F-GESTURES",
      "implementationStatus": "implemented_unverified",
      "testResults": [
        {
          "id": "PROD-V07",
          "status": "PENDING",
          "attempts": []
        },
        {
          "id": "PROD-N03",
          "status": "PENDING",
          "attempts": []
        }
      ],
      "status": "PENDING_OR_FAILED",
      "commit": null,
      "sourceHash": null,
      "evidence": []
    },
    {
      "id": "ACT-GESTURE-TOUCH-PINCH",
      "featureId": "F-GESTURES",
      "implementationStatus": "implemented_unverified",
      "testResults": [
        {
          "id": "PROD-V08",
          "status": "PENDING",
          "attempts": []
        },
        {
          "id": "PROD-N03",
          "status": "PENDING",
          "attempts": []
        }
      ],
      "status": "PENDING_OR_FAILED",
      "commit": null,
      "sourceHash": null,
      "evidence": []
    },
    {
      "id": "ACT-GESTURE-CANCEL",
      "featureId": "F-GESTURES",
      "implementationStatus": "implemented_unverified",
      "testResults": [
        {
          "id": "PROD-D01",
          "status": "PENDING",
          "attempts": []
        },
        {
          "id": "PROD-N04",
          "status": "PENDING",
          "attempts": []
        }
      ],
      "status": "PENDING_OR_FAILED",
      "commit": null,
      "sourceHash": null,
      "evidence": []
    },
    {
      "id": "ACT-THEME",
      "featureId": "F-THEME",
      "implementationStatus": "unimplemented",
      "testResults": [
        {
          "id": "PROD-V02",
          "status": "PENDING",
          "attempts": []
        }
      ],
      "status": "UNIMPLEMENTED",
      "commit": null,
      "sourceHash": null,
      "evidence": []
    },
    {
      "id": "ACT-LIGHT",
      "featureId": "F-THEME",
      "implementationStatus": "unimplemented",
      "testResults": [
        {
          "id": "PROD-V02",
          "status": "PENDING",
          "attempts": []
        }
      ],
      "status": "UNIMPLEMENTED",
      "commit": null,
      "sourceHash": null,
      "evidence": []
    },
    {
      "id": "ACT-DARK",
      "featureId": "F-THEME",
      "implementationStatus": "unimplemented",
      "testResults": [
        {
          "id": "PROD-V02",
          "status": "PENDING",
          "attempts": []
        }
      ],
      "status": "UNIMPLEMENTED",
      "commit": null,
      "sourceHash": null,
      "evidence": []
    },
    {
      "id": "ACT-PAPER-NONE",
      "featureId": "F-PAPER",
      "implementationStatus": "unimplemented",
      "testResults": [
        {
          "id": "PROD-V09",
          "status": "PENDING",
          "attempts": []
        }
      ],
      "status": "UNIMPLEMENTED",
      "commit": null,
      "sourceHash": null,
      "evidence": []
    },
    {
      "id": "ACT-PAPER-DOTS",
      "featureId": "F-PAPER",
      "implementationStatus": "unimplemented",
      "testResults": [
        {
          "id": "PROD-V09",
          "status": "PENDING",
          "attempts": []
        }
      ],
      "status": "UNIMPLEMENTED",
      "commit": null,
      "sourceHash": null,
      "evidence": []
    },
    {
      "id": "ACT-PAPER-GRID",
      "featureId": "F-PAPER",
      "implementationStatus": "unimplemented",
      "testResults": [
        {
          "id": "PROD-V09",
          "status": "PENDING",
          "attempts": []
        }
      ],
      "status": "UNIMPLEMENTED",
      "commit": null,
      "sourceHash": null,
      "evidence": []
    },
    {
      "id": "ACT-PAPER-RULED",
      "featureId": "F-PAPER",
      "implementationStatus": "unimplemented",
      "testResults": [
        {
          "id": "PROD-V09",
          "status": "PENDING",
          "attempts": []
        }
      ],
      "status": "UNIMPLEMENTED",
      "commit": null,
      "sourceHash": null,
      "evidence": []
    },
    {
      "id": "ACT-PAPER-RULED-WIDE",
      "featureId": "F-PAPER",
      "implementationStatus": "unimplemented",
      "testResults": [
        {
          "id": "PROD-V09",
          "status": "PENDING",
          "attempts": []
        }
      ],
      "status": "UNIMPLEMENTED",
      "commit": null,
      "sourceHash": null,
      "evidence": []
    },
    {
      "id": "ACT-PAPER-SPACING",
      "featureId": "F-PAPER",
      "implementationStatus": "unimplemented",
      "testResults": [
        {
          "id": "PROD-V09",
          "status": "PENDING",
          "attempts": []
        }
      ],
      "status": "UNIMPLEMENTED",
      "commit": null,
      "sourceHash": null,
      "evidence": []
    },
    {
      "id": "ACT-PAPER-INTENSITY",
      "featureId": "F-PAPER",
      "implementationStatus": "unimplemented",
      "testResults": [
        {
          "id": "PROD-V09",
          "status": "PENDING",
          "attempts": []
        }
      ],
      "status": "UNIMPLEMENTED",
      "commit": null,
      "sourceHash": null,
      "evidence": []
    },
    {
      "id": "ACT-PAPER-INFINITE",
      "featureId": "F-PAPER",
      "implementationStatus": "unimplemented",
      "testResults": [
        {
          "id": "PROD-V09",
          "status": "PENDING",
          "attempts": []
        }
      ],
      "status": "UNIMPLEMENTED",
      "commit": null,
      "sourceHash": null,
      "evidence": []
    },
    {
      "id": "ACT-NOTEBOOK-NAME",
      "featureId": "F-NOTEBOOK",
      "implementationStatus": "unimplemented",
      "testResults": [
        {
          "id": "PROD-V13",
          "status": "PENDING",
          "attempts": []
        }
      ],
      "status": "UNIMPLEMENTED",
      "commit": null,
      "sourceHash": null,
      "evidence": []
    },
    {
      "id": "ACT-NOTEBOOK-NEW",
      "featureId": "F-NOTEBOOK",
      "implementationStatus": "unimplemented",
      "testResults": [
        {
          "id": "PROD-V13",
          "status": "PENDING",
          "attempts": []
        }
      ],
      "status": "UNIMPLEMENTED",
      "commit": null,
      "sourceHash": null,
      "evidence": []
    },
    {
      "id": "ACT-NOTEBOOK-OPEN",
      "featureId": "F-NOTEBOOK",
      "implementationStatus": "unimplemented",
      "testResults": [
        {
          "id": "PROD-V13",
          "status": "PENDING",
          "attempts": []
        }
      ],
      "status": "UNIMPLEMENTED",
      "commit": null,
      "sourceHash": null,
      "evidence": []
    },
    {
      "id": "ACT-NOTEBOOK-SWITCH",
      "featureId": "F-NOTEBOOK",
      "implementationStatus": "unimplemented",
      "testResults": [
        {
          "id": "PROD-V13",
          "status": "PENDING",
          "attempts": []
        }
      ],
      "status": "UNIMPLEMENTED",
      "commit": null,
      "sourceHash": null,
      "evidence": []
    },
    {
      "id": "ACT-SELECTION-DUPLICATE",
      "featureId": "F-SELECT",
      "implementationStatus": "unimplemented",
      "testResults": [
        {
          "id": "PROD-V11",
          "status": "PENDING",
          "attempts": []
        }
      ],
      "status": "UNIMPLEMENTED",
      "commit": null,
      "sourceHash": null,
      "evidence": []
    },
    {
      "id": "ACT-SELECTION-DELETE",
      "featureId": "F-SELECT",
      "implementationStatus": "unimplemented",
      "testResults": [
        {
          "id": "PROD-V11",
          "status": "PENDING",
          "attempts": []
        }
      ],
      "status": "UNIMPLEMENTED",
      "commit": null,
      "sourceHash": null,
      "evidence": []
    },
    {
      "id": "ACT-SELECTION-MOVE",
      "featureId": "F-SELECT",
      "implementationStatus": "unimplemented",
      "testResults": [
        {
          "id": "PROD-V11",
          "status": "PENDING",
          "attempts": []
        }
      ],
      "status": "UNIMPLEMENTED",
      "commit": null,
      "sourceHash": null,
      "evidence": []
    },
    {
      "id": "ACT-SELECTION-RESIZE",
      "featureId": "F-SELECT",
      "implementationStatus": "unimplemented",
      "testResults": [
        {
          "id": "PROD-V11",
          "status": "PENDING",
          "attempts": []
        }
      ],
      "status": "UNIMPLEMENTED",
      "commit": null,
      "sourceHash": null,
      "evidence": []
    },
    {
      "id": "ACT-LASSO-DRAW",
      "featureId": "F-LASSO",
      "implementationStatus": "unimplemented",
      "testResults": [
        {
          "id": "PROD-V11",
          "status": "PENDING",
          "attempts": []
        }
      ],
      "status": "UNIMPLEMENTED",
      "commit": null,
      "sourceHash": null,
      "evidence": []
    },
    {
      "id": "ACT-LASSO-CANCEL",
      "featureId": "F-LASSO",
      "implementationStatus": "unimplemented",
      "testResults": [
        {
          "id": "PROD-V11",
          "status": "PENDING",
          "attempts": []
        }
      ],
      "status": "UNIMPLEMENTED",
      "commit": null,
      "sourceHash": null,
      "evidence": []
    },
    {
      "id": "ACT-TEXT-ENTRY",
      "featureId": "F-TEXT",
      "implementationStatus": "unimplemented",
      "testResults": [
        {
          "id": "PROD-V10",
          "status": "PENDING",
          "attempts": []
        }
      ],
      "status": "UNIMPLEMENTED",
      "commit": null,
      "sourceHash": null,
      "evidence": []
    },
    {
      "id": "ACT-TEXT-DONE",
      "featureId": "F-TEXT",
      "implementationStatus": "unimplemented",
      "testResults": [
        {
          "id": "PROD-V10",
          "status": "PENDING",
          "attempts": []
        }
      ],
      "status": "UNIMPLEMENTED",
      "commit": null,
      "sourceHash": null,
      "evidence": []
    },
    {
      "id": "ACT-TEXT-EDIT",
      "featureId": "F-TEXT",
      "implementationStatus": "unimplemented",
      "testResults": [
        {
          "id": "PROD-V10",
          "status": "PENDING",
          "attempts": []
        }
      ],
      "status": "UNIMPLEMENTED",
      "commit": null,
      "sourceHash": null,
      "evidence": []
    },
    {
      "id": "ACT-OBJECT-SHAPE",
      "featureId": "F-SHAPES",
      "implementationStatus": "unimplemented",
      "testResults": [
        {
          "id": "PROD-V10",
          "status": "PENDING",
          "attempts": []
        }
      ],
      "status": "UNIMPLEMENTED",
      "commit": null,
      "sourceHash": null,
      "evidence": []
    },
    {
      "id": "ACT-OBJECT-REGION",
      "featureId": "F-REGION",
      "implementationStatus": "unimplemented",
      "testResults": [
        {
          "id": "PROD-V10",
          "status": "PENDING",
          "attempts": []
        }
      ],
      "status": "UNIMPLEMENTED",
      "commit": null,
      "sourceHash": null,
      "evidence": []
    },
    {
      "id": "ACT-OBJECT-ARROW",
      "featureId": "F-ARROW",
      "implementationStatus": "unimplemented",
      "testResults": [
        {
          "id": "PROD-V10",
          "status": "PENDING",
          "attempts": []
        }
      ],
      "status": "UNIMPLEMENTED",
      "commit": null,
      "sourceHash": null,
      "evidence": []
    },
    {
      "id": "ACT-PANEL-TRIGGER",
      "featureId": "F-OVERLAY",
      "implementationStatus": "unimplemented",
      "testResults": [
        {
          "id": "PROD-V05",
          "status": "PENDING",
          "attempts": []
        }
      ],
      "status": "UNIMPLEMENTED",
      "commit": null,
      "sourceHash": null,
      "evidence": []
    },
    {
      "id": "ACT-PANEL-SWITCH",
      "featureId": "F-OVERLAY",
      "implementationStatus": "unimplemented",
      "testResults": [
        {
          "id": "PROD-V05",
          "status": "PENDING",
          "attempts": []
        }
      ],
      "status": "UNIMPLEMENTED",
      "commit": null,
      "sourceHash": null,
      "evidence": []
    },
    {
      "id": "ACT-PANEL-ESCAPE",
      "featureId": "F-OVERLAY",
      "implementationStatus": "unimplemented",
      "testResults": [
        {
          "id": "PROD-V05",
          "status": "PENDING",
          "attempts": []
        }
      ],
      "status": "UNIMPLEMENTED",
      "commit": null,
      "sourceHash": null,
      "evidence": []
    },
    {
      "id": "ACT-PANEL-OUTSIDE",
      "featureId": "F-OVERLAY",
      "implementationStatus": "unimplemented",
      "testResults": [
        {
          "id": "PROD-V05",
          "status": "PENDING",
          "attempts": []
        }
      ],
      "status": "UNIMPLEMENTED",
      "commit": null,
      "sourceHash": null,
      "evidence": []
    },
    {
      "id": "ACT-PANEL-DRAW",
      "featureId": "F-OVERLAY",
      "implementationStatus": "unimplemented",
      "testResults": [
        {
          "id": "PROD-V05",
          "status": "PENDING",
          "attempts": []
        }
      ],
      "status": "UNIMPLEMENTED",
      "commit": null,
      "sourceHash": null,
      "evidence": []
    },
    {
      "id": "ACT-CLEAR-CANCEL",
      "featureId": "F-CLEAR",
      "implementationStatus": "unimplemented",
      "testResults": [
        {
          "id": "PROD-V06",
          "status": "PENDING",
          "attempts": []
        }
      ],
      "status": "UNIMPLEMENTED",
      "commit": null,
      "sourceHash": null,
      "evidence": []
    },
    {
      "id": "ACT-CLEAR-CONFIRM",
      "featureId": "F-CLEAR",
      "implementationStatus": "unimplemented",
      "testResults": [
        {
          "id": "PROD-V06",
          "status": "PENDING",
          "attempts": []
        }
      ],
      "status": "UNIMPLEMENTED",
      "commit": null,
      "sourceHash": null,
      "evidence": []
    },
    {
      "id": "ACT-CLEAR-ESCAPE",
      "featureId": "F-CLEAR",
      "implementationStatus": "unimplemented",
      "testResults": [
        {
          "id": "PROD-V06",
          "status": "PENDING",
          "attempts": []
        }
      ],
      "status": "UNIMPLEMENTED",
      "commit": null,
      "sourceHash": null,
      "evidence": []
    },
    {
      "id": "ACT-MOBILE-ALL-TOOLS",
      "featureId": "F-RESPONSIVE",
      "implementationStatus": "unimplemented",
      "testResults": [
        {
          "id": "PROD-V16",
          "status": "PENDING",
          "attempts": []
        }
      ],
      "status": "UNIMPLEMENTED",
      "commit": null,
      "sourceHash": null,
      "evidence": []
    },
    {
      "id": "ACT-MOBILE-DRAWER-CLOSE",
      "featureId": "F-RESPONSIVE",
      "implementationStatus": "unimplemented",
      "testResults": [
        {
          "id": "PROD-V16",
          "status": "PENDING",
          "attempts": []
        }
      ],
      "status": "UNIMPLEMENTED",
      "commit": null,
      "sourceHash": null,
      "evidence": []
    },
    {
      "id": "ACT-MOBILE-SHEET-CLOSE",
      "featureId": "F-OVERLAY",
      "implementationStatus": "unimplemented",
      "testResults": [
        {
          "id": "PROD-V05",
          "status": "PENDING",
          "attempts": []
        },
        {
          "id": "PROD-V16",
          "status": "PENDING",
          "attempts": []
        }
      ],
      "status": "UNIMPLEMENTED",
      "commit": null,
      "sourceHash": null,
      "evidence": []
    },
    {
      "id": "ACT-MOBILE-MODAL-BACKDROP",
      "featureId": "F-OVERLAY",
      "implementationStatus": "unimplemented",
      "testResults": [
        {
          "id": "PROD-V05",
          "status": "PENDING",
          "attempts": []
        },
        {
          "id": "PROD-V16",
          "status": "PENDING",
          "attempts": []
        }
      ],
      "status": "UNIMPLEMENTED",
      "commit": null,
      "sourceHash": null,
      "evidence": []
    },
    {
      "id": "ACT-RESULT-VISIBILITY",
      "featureId": "F-RESULTS",
      "implementationStatus": "unimplemented",
      "testResults": [
        {
          "id": "PROD-V14",
          "status": "PENDING",
          "attempts": []
        }
      ],
      "status": "UNIMPLEMENTED",
      "commit": null,
      "sourceHash": null,
      "evidence": []
    },
    {
      "id": "ACT-RESULT-COPY-EXPRESSION",
      "featureId": "F-RESULTS",
      "implementationStatus": "unimplemented",
      "testResults": [
        {
          "id": "PROD-V14",
          "status": "PENDING",
          "attempts": []
        }
      ],
      "status": "UNIMPLEMENTED",
      "commit": null,
      "sourceHash": null,
      "evidence": []
    },
    {
      "id": "ACT-RESULT-COPY-ANSWER",
      "featureId": "F-RESULTS",
      "implementationStatus": "unimplemented",
      "testResults": [
        {
          "id": "PROD-V14",
          "status": "PENDING",
          "attempts": []
        }
      ],
      "status": "UNIMPLEMENTED",
      "commit": null,
      "sourceHash": null,
      "evidence": []
    },
    {
      "id": "ACT-CORRECTION-VARIABLE",
      "featureId": "F-CORRECTION",
      "implementationStatus": "unimplemented",
      "testResults": [
        {
          "id": "PROD-V12",
          "status": "PENDING",
          "attempts": []
        }
      ],
      "status": "UNIMPLEMENTED",
      "commit": null,
      "sourceHash": null,
      "evidence": []
    },
    {
      "id": "ACT-CORRECTION-MULTIPLY",
      "featureId": "F-CORRECTION",
      "implementationStatus": "unimplemented",
      "testResults": [
        {
          "id": "PROD-V12",
          "status": "PENDING",
          "attempts": []
        }
      ],
      "status": "UNIMPLEMENTED",
      "commit": null,
      "sourceHash": null,
      "evidence": []
    },
    {
      "id": "ACT-SCRATCH",
      "featureId": "F-SCRATCH",
      "implementationStatus": "unimplemented",
      "testResults": [
        {
          "id": "PROD-V15",
          "status": "PENDING",
          "attempts": []
        }
      ],
      "status": "UNIMPLEMENTED",
      "commit": null,
      "sourceHash": null,
      "evidence": []
    },
    {
      "id": "ACT-STATE-RECOGNIZING",
      "featureId": "F-FEEDBACK",
      "implementationStatus": "unimplemented",
      "testResults": [
        {
          "id": "PROD-B09",
          "status": "PENDING",
          "attempts": []
        },
        {
          "id": "PROD-B11",
          "status": "PENDING",
          "attempts": []
        },
        {
          "id": "PROD-V12",
          "status": "PENDING",
          "attempts": []
        }
      ],
      "status": "UNIMPLEMENTED",
      "commit": null,
      "sourceHash": null,
      "evidence": []
    },
    {
      "id": "ACT-STATE-INCOMPLETE",
      "featureId": "F-FEEDBACK",
      "implementationStatus": "unimplemented",
      "testResults": [
        {
          "id": "PROD-B09",
          "status": "PENDING",
          "attempts": []
        },
        {
          "id": "PROD-B11",
          "status": "PENDING",
          "attempts": []
        },
        {
          "id": "PROD-V12",
          "status": "PENDING",
          "attempts": []
        }
      ],
      "status": "UNIMPLEMENTED",
      "commit": null,
      "sourceHash": null,
      "evidence": []
    },
    {
      "id": "ACT-STATE-UNCERTAIN",
      "featureId": "F-FEEDBACK",
      "implementationStatus": "unimplemented",
      "testResults": [
        {
          "id": "PROD-B09",
          "status": "PENDING",
          "attempts": []
        },
        {
          "id": "PROD-B11",
          "status": "PENDING",
          "attempts": []
        },
        {
          "id": "PROD-V12",
          "status": "PENDING",
          "attempts": []
        }
      ],
      "status": "UNIMPLEMENTED",
      "commit": null,
      "sourceHash": null,
      "evidence": []
    },
    {
      "id": "ACT-STATE-VALID",
      "featureId": "F-FEEDBACK",
      "implementationStatus": "unimplemented",
      "testResults": [
        {
          "id": "PROD-B09",
          "status": "PENDING",
          "attempts": []
        },
        {
          "id": "PROD-B11",
          "status": "PENDING",
          "attempts": []
        },
        {
          "id": "PROD-V12",
          "status": "PENDING",
          "attempts": []
        }
      ],
      "status": "UNIMPLEMENTED",
      "commit": null,
      "sourceHash": null,
      "evidence": []
    },
    {
      "id": "ACT-STATE-INVALID-SYNTAX",
      "featureId": "F-FEEDBACK",
      "implementationStatus": "unimplemented",
      "testResults": [
        {
          "id": "PROD-B09",
          "status": "PENDING",
          "attempts": []
        },
        {
          "id": "PROD-B11",
          "status": "PENDING",
          "attempts": []
        },
        {
          "id": "PROD-V12",
          "status": "PENDING",
          "attempts": []
        }
      ],
      "status": "UNIMPLEMENTED",
      "commit": null,
      "sourceHash": null,
      "evidence": []
    },
    {
      "id": "ACT-STATE-UNDEFINED-ARITHMETIC",
      "featureId": "F-FEEDBACK",
      "implementationStatus": "unimplemented",
      "testResults": [
        {
          "id": "PROD-B09",
          "status": "PENDING",
          "attempts": []
        },
        {
          "id": "PROD-B11",
          "status": "PENDING",
          "attempts": []
        },
        {
          "id": "PROD-V12",
          "status": "PENDING",
          "attempts": []
        }
      ],
      "status": "UNIMPLEMENTED",
      "commit": null,
      "sourceHash": null,
      "evidence": []
    },
    {
      "id": "ACT-STATE-UNAVAILABLE-RECOGNITION",
      "featureId": "F-FEEDBACK",
      "implementationStatus": "unimplemented",
      "testResults": [
        {
          "id": "PROD-B09",
          "status": "PENDING",
          "attempts": []
        },
        {
          "id": "PROD-B11",
          "status": "PENDING",
          "attempts": []
        },
        {
          "id": "PROD-V12",
          "status": "PENDING",
          "attempts": []
        }
      ],
      "status": "UNIMPLEMENTED",
      "commit": null,
      "sourceHash": null,
      "evidence": []
    },
    {
      "id": "ACT-STATE-VARIABLEDEFINED",
      "featureId": "F-FEEDBACK",
      "implementationStatus": "unimplemented",
      "testResults": [
        {
          "id": "PROD-B09",
          "status": "PENDING",
          "attempts": []
        },
        {
          "id": "PROD-B11",
          "status": "PENDING",
          "attempts": []
        },
        {
          "id": "PROD-V12",
          "status": "PENDING",
          "attempts": []
        }
      ],
      "status": "UNIMPLEMENTED",
      "commit": null,
      "sourceHash": null,
      "evidence": []
    },
    {
      "id": "ACT-STATE-UNBOUNDVARIABLE",
      "featureId": "F-FEEDBACK",
      "implementationStatus": "unimplemented",
      "testResults": [
        {
          "id": "PROD-B09",
          "status": "PENDING",
          "attempts": []
        },
        {
          "id": "PROD-B11",
          "status": "PENDING",
          "attempts": []
        },
        {
          "id": "PROD-V12",
          "status": "PENDING",
          "attempts": []
        }
      ],
      "status": "UNIMPLEMENTED",
      "commit": null,
      "sourceHash": null,
      "evidence": []
    }
  ],
  "executableCaseInventory": [
    {
      "id": "PROD-B01",
      "file": "tests/product/baseline.spec.ts",
      "title": "PROD-B01 @baseline drawing width affects exported ink and reload",
      "required": false
    },
    {
      "id": "PROD-B02",
      "file": "tests/product/baseline.spec.ts",
      "title": "PROD-B02 @baseline stroke eraser removes only the hit stroke and history restores it",
      "required": false
    },
    {
      "id": "PROD-B03",
      "file": "tests/product/baseline.spec.ts",
      "title": "PROD-B03 @baseline partial erase persists a targeted mask and later ink survives",
      "required": false
    },
    {
      "id": "PROD-B04",
      "file": "tests/product/baseline.spec.ts",
      "title": "PROD-B04 @baseline P E and history shortcuts perform their advertised operations",
      "required": false
    },
    {
      "id": "PROD-B05",
      "file": "tests/product/baseline.spec.ts",
      "title": "PROD-B05 @baseline legacy JSON import/export preserves geometry masks and exact explicit blue",
      "required": false
    },
    {
      "id": "PROD-B06",
      "file": "tests/product/baseline.spec.ts",
      "title": "PROD-B06 @baseline malformed and unsupported imports cannot overwrite the saved notebook",
      "required": false
    },
    {
      "id": "PROD-B07",
      "file": "tests/product/baseline.spec.ts",
      "title": "PROD-B07 @baseline Help toggle and home navigation preserve the notebook",
      "required": false
    },
    {
      "id": "PROD-B08",
      "file": "tests/product/baseline.spec.ts",
      "title": "PROD-B08 @baseline DPR resize preserves exported geometry and rapid endpoint",
      "required": false
    },
    {
      "id": "PROD-B09",
      "file": "tests/product/baseline.spec.ts",
      "title": "PROD-B09 @baseline real worker computes then equals erase retires answer and undo restores it",
      "required": false
    },
    {
      "id": "PROD-B10",
      "file": "tests/product/baseline.spec.ts",
      "title": "PROD-B10 @baseline cached offline reload allows real inference editing and saving",
      "required": false
    },
    {
      "id": "PROD-B11",
      "file": "tests/product/baseline.spec.ts",
      "title": "PROD-B11 @baseline real model load failure keeps drawing and Retry recovers",
      "required": false
    },
    {
      "id": "PROD-B12",
      "file": "tests/product/baseline.spec.ts",
      "title": "PROD-B12 @baseline Clear is undoable and history disabled states are truthful",
      "required": false
    },
    {
      "id": "PROD-B13",
      "file": "tests/product/baseline.spec.ts",
      "title": "PROD-B13 @baseline visible controls are declared in the action registry",
      "required": false
    },
    {
      "id": "PROD-B14",
      "file": "tests/product/baseline.spec.ts",
      "title": "PROD-B14 @baseline projection renderer failure keeps ink export and useful notice",
      "required": false
    },
    {
      "id": "PROD-D01",
      "file": "tests/product/diagnostics.spec.ts",
      "title": "PROD-D01 @baseline active replay alpha parity and long-stroke frame samples",
      "required": false
    },
    {
      "id": "PROD-D02",
      "file": "tests/product/diagnostics.spec.ts",
      "title": "PROD-D02 @baseline recognition never blanks existing ink or resets unchanged projection dimensions",
      "required": false
    },
    {
      "id": "PROD-D03",
      "file": "tests/product/diagnostics.spec.ts",
      "title": "PROD-D03 @baseline layout waste and breakpoint availability observation",
      "required": false
    },
    {
      "id": "PROD-N01",
      "file": "tests/product/navigation.spec.ts",
      "title": "PROD-N01 Hand camera controls preserve world ink revision and zoom anchor with fitted bounds",
      "required": false
    },
    {
      "id": "PROD-N02",
      "file": "tests/product/navigation.spec.ts",
      "title": "PROD-N02 transformed drawing and pixel erase export exact world points masks and reversible geometry",
      "required": false
    },
    {
      "id": "PROD-N03",
      "file": "tests/product/navigation.spec.ts",
      "title": "PROD-N03 trusted two-touch promotion discards pen and erase previews and pinch pan adds no history",
      "required": false
    },
    {
      "id": "PROD-N04",
      "file": "tests/product/navigation.spec.ts",
      "title": "PROD-N04 trusted pointer cancellation retains ordinary samples and releases camera lock",
      "required": false
    },
    {
      "id": "PROD-N05",
      "file": "tests/product/navigation.spec.ts",
      "title": "PROD-N05 controlled window blur restores ordinary Pen after Space pan without phantom strokes or camera history",
      "required": false
    },
    {
      "id": "PROD-N06",
      "file": "tests/product/navigation.spec.ts",
      "title": "PROD-N06 actual model projection follows pan and anchored zoom without document revisions",
      "required": false
    },
    {
      "id": "PROD-N07",
      "file": "tests/product/navigation.spec.ts",
      "title": "PROD-N07 wheel pan and Control wheel retain anchored world position and document revision",
      "required": false
    },
    {
      "id": "PROD-N08",
      "file": "tests/product/navigation.spec.ts",
      "title": "PROD-N08 trusted pen and eraser gestures survive secondary two-touch navigation attempts",
      "required": false
    },
    {
      "id": "PROD-V01",
      "file": "tests/product/required-workflows.spec.ts",
      "title": "PROD-V01 @v2-required pen pencil and highlighter colour and width change real ink and survive reload",
      "required": true
    },
    {
      "id": "PROD-V02",
      "file": "tests/product/required-workflows.spec.ts",
      "title": "PROD-V02 @v2-required adaptive and explicit pen presets preserve their saved identities",
      "required": true
    },
    {
      "id": "PROD-V03",
      "file": "tests/product/required-workflows.spec.ts",
      "title": "PROD-V03 @v2-required highlighter swatches preserve arithmetic and reversible stroke history",
      "required": true
    },
    {
      "id": "PROD-V04",
      "file": "tests/product/required-workflows.spec.ts",
      "title": "PROD-V04 @v2-required eraser mode and radius affect a persistent partial cut",
      "required": true
    },
    {
      "id": "PROD-V05",
      "file": "tests/product/required-workflows.spec.ts",
      "title": "PROD-V05 @v2-required one open tool panel toggles replaces dismisses and restores focus",
      "required": true
    },
    {
      "id": "PROD-V06",
      "file": "tests/product/required-workflows.spec.ts",
      "title": "PROD-V06 @v2-required Clear cancel confirmation and undo preserve ink",
      "required": true
    },
    {
      "id": "PROD-V07",
      "file": "tests/product/required-workflows.spec.ts",
      "title": "PROD-V07 @v2-required Hand free pan and zoom controls preserve coordinates and Space restores Pen",
      "required": true
    },
    {
      "id": "PROD-V08",
      "file": "tests/product/required-workflows.spec.ts",
      "title": "PROD-V08 @v2-required wheel zoom changes viewport without changing ink or history",
      "required": true
    },
    {
      "id": "PROD-V09",
      "file": "tests/product/required-workflows.spec.ts",
      "title": "PROD-V09 @v2-required paper choices spacing intensity infinite setting preserve ink and history",
      "required": true
    },
    {
      "id": "PROD-V10",
      "file": "tests/product/required-workflows.spec.ts",
      "title": "PROD-V10 @v2-required text shapes region arrow create annotation objects with undo",
      "required": true
    },
    {
      "id": "PROD-V11",
      "file": "tests/product/required-workflows.spec.ts",
      "title": "PROD-V11 @v2-required Select and Lasso move duplicate delete with reversible history",
      "required": true
    },
    {
      "id": "PROD-V12",
      "file": "tests/product/required-workflows.spec.ts",
      "title": "PROD-V12 @v2-required real crossing ink assignment and variable use remain distinct from multiplication",
      "required": true
    },
    {
      "id": "PROD-V13",
      "file": "tests/product/required-workflows.spec.ts",
      "title": "PROD-V13 @v2-required notebook naming create switch and isolation preserve old ink",
      "required": true
    },
    {
      "id": "PROD-V14",
      "file": "tests/product/required-workflows.spec.ts",
      "title": "PROD-V14 @v2-required hide show copy expression and copy answer operate on computed state",
      "required": true
    },
    {
      "id": "PROD-V15",
      "file": "tests/product/required-workflows.spec.ts",
      "title": "PROD-V15 @v2-required conservative scratch erase is undoable and ordinary handwriting survives",
      "required": true
    },
    {
      "id": "PROD-V16",
      "file": "tests/product/required-workflows.spec.ts",
      "title": "PROD-V16 @v2-required responsive tools and modal clear stay reachable at every specified width",
      "required": true
    }
  ],
  "filteredRequiredCaseIds": [
    "PROD-V01",
    "PROD-V02",
    "PROD-V03",
    "PROD-V04",
    "PROD-V05",
    "PROD-V06",
    "PROD-V07",
    "PROD-V08",
    "PROD-V09",
    "PROD-V10",
    "PROD-V11",
    "PROD-V12",
    "PROD-V13",
    "PROD-V14",
    "PROD-V15",
    "PROD-V16"
  ],
  "limitation": "Declared test linkage is traceability, not proof that every assertion is meaningful or that a workflow passed. Independent review and full current-source execution remain mandatory."
}
Registry: BLOCKED_WITH_EVIDENCE; 125 actions; 89 unimplemented; 1 unmapped required features; 0 schema errors.
