
Running 25 tests using 3 workers













[1A[2K[1/25] tests/product/diagnostics.spec.ts:2:1 › PROD-D01 @baseline active replay alpha parity and long-stroke frame samples
[1A[2K[2/25] tests/product/navigation.spec.ts:89:1 › PROD-N01 Hand camera controls preserve world ink revision and zoom anchor with fitted bounds
[1A[2K[3/25] tests/product/baseline.spec.ts:3:1 › PROD-B01 @baseline drawing width affects exported ink and reload
[1A[2K[4/25] tests/product/baseline.spec.ts:56:1 › PROD-B02 @baseline stroke eraser removes only the hit stroke and history restores it
[1A[2K[5/25] tests/product/navigation.spec.ts:178:1 › PROD-N02 transformed drawing and pixel erase export exact world points masks and reversible geometry
[1A[2K[6/25] tests/product/baseline.spec.ts:96:1 › PROD-B03 @baseline partial erase persists a targeted mask and later ink survives
[1A[2K[7/25] tests/product/navigation.spec.ts:239:1 › PROD-N03 trusted two-touch promotion discards pen and erase previews and pinch pan adds no history
[1A[2K[8/25] tests/product/baseline.spec.ts:143:1 › PROD-B04 @baseline P E and history shortcuts perform their advertised operations
[1A[2K[9/25] tests/product/navigation.spec.ts:319:1 › PROD-N04 trusted pointer cancellation retains ordinary samples and releases camera lock
[1A[2K[10/25] tests/product/navigation.spec.ts:370:1 › PROD-N05 controlled window blur restores ordinary Pen after Space pan without phantom strokes or camera history
[1A[2K[11/25] tests/product/baseline.spec.ts:174:1 › PROD-B05 @baseline legacy JSON import/export preserves geometry masks and exact explicit blue
[1A[2K[12/25] tests/product/navigation.spec.ts:425:1 › PROD-N06 actual model projection follows pan and anchored zoom without document revisions
[1A[2K[13/25] tests/product/baseline.spec.ts:195:1 › PROD-B06 @baseline malformed and unsupported imports cannot overwrite the saved notebook
[1A[2K[14/25] tests/product/baseline.spec.ts:228:1 › PROD-B07 @baseline Help toggle and home navigation preserve the notebook
[1A[2K[15/25] tests/product/baseline.spec.ts:258:1 › PROD-B08 @baseline DPR resize preserves exported geometry and rapid endpoint
[1A[2K[16/25] tests/product/navigation.spec.ts:471:1 › PROD-N07 wheel pan and Control wheel retain anchored world position and document revision
[1A[2K[17/25] tests/product/navigation.spec.ts:506:1 › PROD-N08 trusted pen and eraser gestures survive secondary two-touch navigation attempts
[1A[2K[18/25] tests/product/baseline.spec.ts:296:1 › PROD-B09 @baseline real worker computes then equals erase retires answer and undo restores it
[1A[2K[19/25] tests/product/diagnostics.spec.ts:84:1 › PROD-D02 @baseline recognition never blanks existing ink or resets unchanged projection dimensions
[1A[2K[20/25] tests/product/baseline.spec.ts:334:1 › PROD-B10 @baseline cached offline reload allows real inference editing and saving
[1A[2K[21/25] tests/product/diagnostics.spec.ts:154:1 › PROD-D03 @baseline layout waste and breakpoint availability observation
[1A[2K[22/25] tests/product/baseline.spec.ts:381:1 › PROD-B11 @baseline real model load failure keeps drawing and Retry recovers
[1A[2K[23/25] tests/product/baseline.spec.ts:413:1 › PROD-B12 @baseline Clear is undoable and history disabled states are truthful
[1A[2K[24/25] tests/product/baseline.spec.ts:459:1 › PROD-B13 @baseline visible controls are declared in the action registry
[1A[2K[25/25] tests/product/baseline.spec.ts:484:1 › PROD-B14 @baseline projection renderer failure keeps ink export and useful notice
[1A[2K  25 passed (16.9s)
[1A[2K(node:71966) Warning: The 'NO_COLOR' env is ignored due to the 'FORCE_COLOR' env being set.
(Use `node --trace-warnings ...` to show where the warning was created)
[1A[2K(node:71965) Warning: The 'NO_COLOR' env is ignored due to the 'FORCE_COLOR' env being set.
(Use `node --trace-warnings ...` to show where the warning was created)
[1A[2K(node:71964) Warning: The 'NO_COLOR' env is ignored due to the 'FORCE_COLOR' env being set.
(Use `node --trace-warnings ...` to show where the warning was created)
[1A[2K(node:71964) Warning: The 'NO_COLOR' env is ignored due to the 'FORCE_COLOR' env being set.
(Use `node --trace-warnings ...` to show where the warning was created)
[1A[2K(node:71965) Warning: The 'NO_COLOR' env is ignored due to the 'FORCE_COLOR' env being set.
(Use `node --trace-warnings ...` to show where the warning was created)
[1A[2K(node:71966) Warning: The 'NO_COLOR' env is ignored due to the 'FORCE_COLOR' env being set.
(Use `node --trace-warnings ...` to show where the warning was created)
